// Jest Snapshot v1, https://goo.gl/fbAQLP

exports[`Header block edit matches snapshots 1`] = `
<Fragment>
  <BlockControls>
    <AlignmentToolbar
      onChange={[Function]}
      value="center"
    />
    <Toolbar>
      <MediaUpload
        allowedTypes={
          Array [
            "image",
          ]
        }
        onSelect={[Function]}
        render={[Function]}
        value=""
      />
    </Toolbar>
  </BlockControls>
  <InspectorControls>
    <PanelBody
      title="General"
    >
      <RangeControl
        label="Background Opacity"
        max={10}
        min={0}
        onChange={[Function]}
        step={1}
        value={5}
      />
      <SelectControl
        label="Button Size"
        onChange={[Function]}
        options={
          Array [
            Object {
              "label": "Small",
              "value": "small",
            },
            Object {
              "label": "Normal",
              "value": "normal",
            },
            Object {
              "label": "Medium",
              "value": "medium",
            },
            Object {
              "label": "Large",
              "value": "large",
            },
          ]
        }
        value="normal"
      />
      <RangeControl
        label="Corner Radius"
        max="50"
        min="1"
        onChange={[Function]}
        value={4}
      />
    </PanelBody>
    <PanelColorSettings
      colorSettings={
        Array [
          Object {
            "label": "Title Color",
            "onChange": [Function],
            "value": "#ffffff",
          },
          Object {
            "label": "Subtitle Color",
            "onChange": [Function],
            "value": "#ffffff",
          },
          Object {
            "label": "Heading Background Color",
            "onChange": [Function],
            "value": "#000000",
          },
        ]
      }
      initialOpen={false}
      title="Header Colors"
    />
    <PanelColorSettings
      colorSettings={
        Array [
          Object {
            "label": "Button Color",
            "onChange": [Function],
            "value": "#2091e1",
          },
          Object {
            "label": "Button Text Color",
            "onChange": [Function],
            "value": "#ffffff",
          },
        ]
      }
      initialOpen={false}
      title="Button Colors"
    />
  </InspectorControls>
  <div
    className="ugb-header has-image "
  >
    <div
      className="ugb-header-overlay overlay-opacity-5 overlay-opacity"
      style={
        Object {
          "backgroundColor": "#000000",
        }
      }
    />
    <MediaUpload
      allowedTypes={
        Array [
          "image",
        ]
      }
      onSelect={[Function]}
      render={[Function]}
      value=""
    />
    <section
      className="ugb-header-section"
      data-url="https://images.unsplash.com/photo-1506269351850-0428eaed2193?ixlib=rb-0.3.5&ixid=eyJhcHBfaWQiOjEyMDd9&s=a1512d7659e4817df8217cdb9aa09d7a&auto=format&fit=crop&w=1050&q=80"
      style={
        Object {
          "backgroundImage": "url(https://images.unsplash.com/photo-1506269351850-0428eaed2193?ixlib=rb-0.3.5&ixid=eyJhcHBfaWQiOjEyMDd9&s=a1512d7659e4817df8217cdb9aa09d7a&auto=format&fit=crop&w=1050&q=80)",
        }
      }
    >
      <RichText
        className="ugb-header-title"
        onChange={[Function]}
        placeholder={undefined}
        style={
          Object {
            "color": "#ffffff",
            "textAlign": "center",
          }
        }
        tagName="h2"
        value="Heading Title"
      />
      <RichText
        className="ugb-header-subtitle"
        onChange={[Function]}
        placeholder={undefined}
        style={
          Object {
            "color": "#ffffff",
            "textAlign": "center",
          }
        }
        tagName="p"
        value="Lorem ipsum dolor sit amet, consectetur adipiscing elit. Phasellus congue tincidunt nisit ut pretium. Duis blandit, tortor et suscipit tincidunt, dolor metus mattis neque, ac varius magna nibh ac tortor."
      />
      <ButtonEdit
        align="center"
        backgroundColor="#2091e1"
        borderRadius={4}
        color="#ffffff"
        onChange={[Function]}
        size="normal"
        text="Button"
      />
    </section>
  </div>
</Fragment>
`;

exports[`Header block save matches snapshots 1`] = `
<div
  className="ugb-header has-image has-content"
>
  <div
    className="ugb-header-overlay overlay-opacity-5 overlay-opacity"
    style={
      Object {
        "backgroundColor": "#000000",
      }
    }
  />
  <section
    className="ugb-header-section"
    data-url="https://images.unsplash.com/photo-1506269351850-0428eaed2193?ixlib=rb-0.3.5&ixid=eyJhcHBfaWQiOjEyMDd9&s=a1512d7659e4817df8217cdb9aa09d7a&auto=format&fit=crop&w=1050&q=80"
    style={
      Object {
        "backgroundImage": "url(https://images.unsplash.com/photo-1506269351850-0428eaed2193?ixlib=rb-0.3.5&ixid=eyJhcHBfaWQiOjEyMDd9&s=a1512d7659e4817df8217cdb9aa09d7a&auto=format&fit=crop&w=1050&q=80)",
        "textAlign": "center",
      }
    }
  >
    <ButtonSave
      align="center"
      backgroundColor="#2091e1"
      borderRadius={4}
      color="#ffffff"
      size="normal"
      text="Button"
      url="http://www.gambit.ph/"
    />
  </section>
</div>
`;
