// Jest Snapshot v1, https://goo.gl/fbAQLP

exports[`Divider Block block edit matches snapshot 1`] = `
<Fragment>
  <BlockControls>
    <AlignmentToolbar
      onChange={[Function]}
      value="center"
    />
  </BlockControls>
  <InspectorControls>
    <PanelBody>
      <RangeControl
        label="Height"
        max="10"
        min="1"
        onChange={[Function]}
        value={1}
      />
      <RangeControl
        label="Width"
        max="100"
        min="10"
        onChange={[Function]}
        step="0.1"
        value={50}
      />
    </PanelBody>
    <PanelColorSettings
      colorSettings={
        Array [
          Object {
            "label": "Divider Color",
            "onChange": [Function],
            "value": "#dddddd",
          },
        ]
      }
      title="Color Settings"
    />
  </InspectorControls>
  <div
    className="ugb-divider"
    style={
      Object {
        "paddingBottom": 8,
        "paddingTop": 8,
      }
    }
  >
    <hr
      align="center"
      style={
        Object {
          "backgroundColor": "#dddddd",
          "height": 1,
          "marginBottom": 0,
          "marginTop": 0,
          "width": "50%",
        }
      }
    />
  </div>
</Fragment>
`;

exports[`Divider Block block save matches snapshot 1`] = `
<div
  className="ugb-divider"
>
  <hr
    align="center"
    style={
      Object {
        "backgroundColor": "#dddddd",
        "height": 1,
        "width": "50%",
      }
    }
  />
</div>
`;
