// Jest Snapshot v1, https://goo.gl/fbAQLP

exports[`Notification block edit matches snapshots 1`] = `
<Fragment>
  <InspectorControls>
    <PanelBody>
      <ToggleControl
        checked={false}
        label="Dismissible"
        onChange={[Function]}
      />
      <SelectControl
        label="Notification Type"
        onChange={[Function]}
        options={
          Array [
            Object {
              "label": "Success",
              "value": "success",
            },
            Object {
              "label": "Error",
              "value": "error",
            },
            Object {
              "label": "Warning",
              "value": "warning",
            },
            Object {
              "label": "Information",
              "value": "info",
            },
          ]
        }
        value="success"
      />
    </PanelBody>
    <PanelColorSettings
      colorSettings={
        Array [
          Object {
            "label": "Background Color",
            "onChange": [Function],
            "value": "#000000",
          },
          Object {
            "label": "Text Color",
            "onChange": [Function],
            "value": "#ffffff",
          },
        ]
      }
      title="Color Settings"
    />
  </InspectorControls>
  <div
    className="ugb-notification type-success dismissible-false"
  >
    <RichText
      className="wp-ugb-notif notif-success"
      onChange={[Function]}
      placeholder={undefined}
      style={
        Object {
          "backgroundColor": "#000000",
          "color": "#ffffff",
        }
      }
      tagName="p"
      value="This is an informational alert, usually used for successful subscriptions, promo announcements, and the like."
    />
  </div>
</Fragment>
`;

exports[`Notification block save matches snapshots 1`] = `
<div
  className="ugb-notification type-success dismissible-false"
  data-uid="14f948"
>
  <Unknown
    className="wp-ugb-notif notif-success"
    style={
      Object {
        "backgroundColor": "#000000",
        "color": "#ffffff",
      }
    }
    tagName="p"
    value="This is an informational alert, usually used for successful subscriptions, promo announcements, and the like."
  />
</div>
`;
