// Jest Snapshot v1, https://goo.gl/fbAQLP

exports[`Button block saved block HTML shouldn't change 1`] = `
<div
  className="wp-block-ugb-button ugb-button-wrapper ugb-button--align-right className"
/>
`;

exports[`Button block saved default block HTML shouldn't change 1`] = `
<div
  className="wp-block-ugb-button ugb-button-wrapper ugb-button--align-center"
>
  <div>
    <a
      className="ugb-button ugb-button--align-center ugb-button--size-normal"
      href=""
      style={
        Object {
          "backgroundColor": undefined,
          "borderColor": undefined,
          "borderRadius": "4px",
          "color": undefined,
        }
      }
    >
      <span
        className="ugb-button--inner"
        style={
          Object {
            "color": undefined,
          }
        }
      >
        <div
          dangerouslySetInnerHTML={
            Object {
              "__html": "Button text",
            }
          }
        />
      </span>
    </a>
  </div>
</div>
`;
