// Jest Snapshot v1, https://goo.gl/fbAQLP

exports[`Blockquote block Save render should match snapshot 1`] = `
<div
  class="wp-block-ugb-blockquote ugb-blockquote--v3 ugb-blockquote--design-plain ugb-main-block"
>
  <style>
    .ugb-blockquote__quote{width:70px !important;height:70px !important}
  </style>
  <div
    class="ugb-inner-block"
  >
    <div
      class="ugb-block-content"
    >
      <div
        class="ugb-blockquote__item"
      >
        <svg
          class="ugb-blockquote__quote"
          height="70"
          width="70"
        />
        <div
          class="ugb-blockquote__content"
        >
          <p
            class="ugb-blockquote__text"
          >
            <div>
              Description for this block. Use this space for describing your block. Any text will do. Description for this block. You can use this space for describing your block. Description for this block. Use this space for describing your block. Any text will do. Description for this block. You can use this space for describing your block.
            </div>
          </p>
        </div>
      </div>
    </div>
  </div>
</div>
`;

exports[`Blockquote block Save render should match snapshot with attributes 1`] = `
<div
  class="wp-block-ugb-blockquote ugb-blockquote--v3 ugb-blockquote--design-wave-2 ugb-blockquote--small-quote ugb-main-block"
>
  <style>
    .ugb-blockquote__text{font-family:"textFontFamily",Sans-serif !important;font-size:123textFontSizeUnit !important;font-weight:textFontWeight !important;text-transform:textTextTransform !important;letter-spacing:123px !important;line-height:123textLineHeightUnit !important;color:#123456}.ugb-blockquote__item{text-align:textAlign !important}@media screen and (max-width:1025px){.ugb-blockquote__text{line-height:123textTabletLineHeightUnit !important;font-size:123textTabletFontSizeUnit !important}}@media screen and (min-width:768px) and (max-width:1025px){.ugb-blockquote__item{text-align:textTabletAlign !important}}@media screen and (max-width:768px){.ugb-blockquote__text{line-height:123textMobileLineHeightUnit !important;font-size:123textMobileFontSizeUnit !important}.ugb-blockquote__item{text-align:textMobileAlign !important}}
  </style>
  <div
    class="ugb-inner-block"
  >
    <div
      class="ugb-block-content"
    >
      <div
        class="ugb-blockquote__item"
      >
        <div
          class="ugb-blockquote__content"
        >
          <p
            class="ugb-blockquote__text"
          >
            <div>
              text
            </div>
          </p>
        </div>
      </div>
    </div>
  </div>
</div>
`;
