// Jest Snapshot v1, https://goo.gl/fbAQLP

exports[`Team Member block edit matches snapshots 1`] = `
<Fragment>
  <BlockControls>
    <AlignmentToolbar
      onChange={[Function]}
      value="left"
    />
    <Toolbar>
      <MediaUpload
        allowedTypes={
          Array [
            "image",
          ]
        }
        onSelect={[Function]}
        render={[Function]}
        value={1}
      />
    </Toolbar>
  </BlockControls>
  <InspectorControls>
    <PanelColorSettings
      colorSettings={
        Array [
          Object {
            "label": "Heading Color",
            "onChange": [Function],
            "value": "string",
          },
          Object {
            "label": "Tagline Color",
            "onChange": [Function],
            "value": "string",
          },
          Object {
            "label": "Description Color",
            "onChange": [Function],
            "value": "string",
          },
        ]
      }
      title="Text Colors"
    />
    <PanelBody
      initialOpen={false}
      title="Button Size"
    >
      <SelectControl
        label="Button Size"
        onChange={[Function]}
        options={
          Array [
            Object {
              "label": "Small",
              "value": "small",
            },
            Object {
              "label": "Normal",
              "value": "normal",
            },
            Object {
              "label": "Medium",
              "value": "medium",
            },
            Object {
              "label": "Large",
              "value": "large",
            },
          ]
        }
        value="normal"
      />
      <RangeControl
        label="Corner Radius"
        max="50"
        min="1"
        onChange={[Function]}
        value={4}
      />
    </PanelBody>
    <PanelColorSettings
      colorSettings={
        Array [
          Object {
            "label": "Button Color",
            "onChange": [Function],
            "value": "#2091e1",
          },
          Object {
            "label": "Button Text Color",
            "onChange": [Function],
            "value": "#ffffff",
          },
        ]
      }
      initialOpen={false}
      title="Button Colors"
    />
  </InspectorControls>
  <div
    className="ugb-card has-image"
  >
    <div
      className="ugb-card-image-container"
      style={
        Object {
          "backgroundImage": "url(http://www.gambit.ph/)",
          "textAlign": "left",
        }
      }
    >
      <MediaUpload
        allowedTypes={
          Array [
            "image",
          ]
        }
        onSelect={[Function]}
        render={[Function]}
        value={1}
      />
    </div>
    <RichText
      className="ugb-card-heading"
      keepPlaceholderOnFocus={true}
      onChange={[Function]}
      style={
        Object {
          "color": "string",
          "textAlign": "left",
        }
      }
      tagName="h4"
      value="Ben Adams"
    />
    <RichText
      className="ugb-tagline"
      keepPlaceholderOnFocus={true}
      onChange={[Function]}
      style={
        Object {
          "color": "string",
          "textAlign": "left",
        }
      }
      tagName="p"
      value="Ben is the head of our small team"
    />
    <RichText
      className="ugb-card-des"
      keepPlaceholderOnFocus={true}
      onChange={[Function]}
      style={
        Object {
          "color": "string",
          "textAlign": "left",
        }
      }
      tagName="p"
      value="Ben is the head of our small team. He loves walking his dog, Walter, when he has some free time."
    />
    <ButtonEdit
      align="left"
      backgroundColor="#2091e1"
      borderRadius={4}
      color="#ffffff"
      onChange={[Function]}
      size="normal"
      text="Button"
    />
  </div>
</Fragment>
`;

exports[`Team Member block save matches snapshots 1`] = `
<Fragment>
  <BlockControls>
    <AlignmentToolbar
      onChange={[Function]}
      value="left"
    />
    <Toolbar>
      <MediaUpload
        allowedTypes={
          Array [
            "image",
          ]
        }
        onSelect={[Function]}
        render={[Function]}
        value={1}
      />
    </Toolbar>
  </BlockControls>
  <InspectorControls>
    <PanelColorSettings
      colorSettings={
        Array [
          Object {
            "label": "Heading Color",
            "onChange": [Function],
            "value": "string",
          },
          Object {
            "label": "Tagline Color",
            "onChange": [Function],
            "value": "string",
          },
          Object {
            "label": "Description Color",
            "onChange": [Function],
            "value": "string",
          },
        ]
      }
      title="Text Colors"
    />
    <PanelBody
      initialOpen={false}
      title="Button Size"
    >
      <SelectControl
        label="Button Size"
        onChange={[Function]}
        options={
          Array [
            Object {
              "label": "Small",
              "value": "small",
            },
            Object {
              "label": "Normal",
              "value": "normal",
            },
            Object {
              "label": "Medium",
              "value": "medium",
            },
            Object {
              "label": "Large",
              "value": "large",
            },
          ]
        }
        value="normal"
      />
      <RangeControl
        label="Corner Radius"
        max="50"
        min="1"
        onChange={[Function]}
        value={4}
      />
    </PanelBody>
    <PanelColorSettings
      colorSettings={
        Array [
          Object {
            "label": "Button Color",
            "onChange": [Function],
            "value": "#2091e1",
          },
          Object {
            "label": "Button Text Color",
            "onChange": [Function],
            "value": "#ffffff",
          },
        ]
      }
      initialOpen={false}
      title="Button Colors"
    />
  </InspectorControls>
  <div
    className="ugb-card has-image"
  >
    <div
      className="ugb-card-image-container"
      style={
        Object {
          "backgroundImage": "url(http://www.gambit.ph/)",
          "textAlign": "left",
        }
      }
    >
      <MediaUpload
        allowedTypes={
          Array [
            "image",
          ]
        }
        onSelect={[Function]}
        render={[Function]}
        value={1}
      />
    </div>
    <RichText
      className="ugb-card-heading"
      keepPlaceholderOnFocus={true}
      onChange={[Function]}
      style={
        Object {
          "color": "string",
          "textAlign": "left",
        }
      }
      tagName="h4"
      value="Ben Adams"
    />
    <RichText
      className="ugb-tagline"
      keepPlaceholderOnFocus={true}
      onChange={[Function]}
      style={
        Object {
          "color": "string",
          "textAlign": "left",
        }
      }
      tagName="p"
      value="Ben is the head of our small team"
    />
    <RichText
      className="ugb-card-des"
      keepPlaceholderOnFocus={true}
      onChange={[Function]}
      style={
        Object {
          "color": "string",
          "textAlign": "left",
        }
      }
      tagName="p"
      value="Ben is the head of our small team. He loves walking his dog, Walter, when he has some free time."
    />
    <ButtonEdit
      align="left"
      backgroundColor="#2091e1"
      borderRadius={4}
      color="#ffffff"
      onChange={[Function]}
      size="normal"
      text="Button"
    />
  </div>
</Fragment>
`;
