// Jest Snapshot v1, https://goo.gl/fbAQLP

exports[`Icon List block edit matches snapshots 1`] = `
<Fragment>
  <InspectorControls>
    <PanelBody>
      <BaseControl
        label="Icon"
      >
        <Toolbar
          controls={
            Array [
              Object {
                "circleFunc": [Function],
                "icon": <svg
                  style={
                    Object {
                      "fill": undefined,
                    }
                  }
                  viewBox="0 0 190 190"
                  xmlns="http://www.w3.org/2000/svg"
                >
                  <polygon
                    points="173.8,28.4 60.4,141.8 15.7,97.2 5.1,107.8 60.4,163 184.4,39 173.8,28.4"
                  />
                </svg>,
                "iconFunc": [Function],
                "isActive": true,
                "onClick": [Function],
                "outlineFunc": [Function],
                "title": "Check",
                "value": "check",
              },
              Object {
                "circleFunc": [Function],
                "icon": <svg
                  style={
                    Object {
                      "fill": undefined,
                    }
                  }
                  viewBox="0 0 190 190"
                  xmlns="http://www.w3.org/2000/svg"
                >
                  <polygon
                    points="181.9,87.6 102.6,87.6 102.6,8.4 87.6,8.4 87.6,87.6 8.4,87.6 8.4,102.6 87.6,102.6 87.6,181.8 102.6,181.8 102.6,102.6 181.9,102.6 "
                  />
                </svg>,
                "iconFunc": [Function],
                "isActive": false,
                "onClick": [Function],
                "outlineFunc": [Function],
                "title": "Plus",
                "value": "plus",
              },
              Object {
                "circleFunc": [Function],
                "icon": <svg
                  style={
                    Object {
                      "fill": undefined,
                    }
                  }
                  viewBox="0 0 190 190"
                  xmlns="http://www.w3.org/2000/svg"
                >
                  <polygon
                    points="59.4,177.5 141.8,95.1 59.4,12.8 48.8,23.4 120.6,95.1 48.8,166.9 "
                  />
                </svg>,
                "iconFunc": [Function],
                "isActive": false,
                "onClick": [Function],
                "outlineFunc": [Function],
                "title": "Arrow",
                "value": "arrow",
              },
              Object {
                "circleFunc": [Function],
                "icon": <svg
                  style={
                    Object {
                      "fill": undefined,
                    }
                  }
                  version="1.1"
                  viewBox="0 0 190 190"
                  xmlns="http://www.w3.org/2000/svg"
                >
                  <polygon
                    points="167.2,33.4 156.6,22.8 94.9,84.5 33.2,22.8 22.6,33.4 84.3,95.1 22.6,156.8 33.2,167.4 94.9,105.7 156.6,167.4 167.2,156.8 105.5,95.1 "
                  />
                </svg>,
                "iconFunc": [Function],
                "isActive": false,
                "onClick": [Function],
                "outlineFunc": [Function],
                "title": "Cross",
                "value": "cross",
              },
              Object {
                "circleFunc": [Function],
                "icon": <svg
                  style={
                    Object {
                      "fill": undefined,
                    }
                  }
                  viewBox="0 0 190 190"
                  xmlns="http://www.w3.org/2000/svg"
                >
                  <polygon
                    points="95.4,6.3 124.6,64.3 188.8,74.2 142.6,119.9 153.1,184 95.4,154.2 37.6,184 48.1,119.9 2,74.2 66.2,64.3 "
                  />
                </svg>,
                "iconFunc": [Function],
                "isActive": false,
                "onClick": [Function],
                "outlineFunc": [Function],
                "title": "Star",
                "value": "star",
              },
            ]
          }
          icon={
            <svg
              style={
                Object {
                  "fill": undefined,
                }
              }
              viewBox="0 0 190 190"
              xmlns="http://www.w3.org/2000/svg"
            >
              <polygon
                points="173.8,28.4 60.4,141.8 15.7,97.2 5.1,107.8 60.4,163 184.4,39 173.8,28.4"
              />
            </svg>
          }
        />
      </BaseControl>
      <BaseControl
        label="Icon Shape"
      >
        <Toolbar
          controls={
            Array [
              Object {
                "circleFunc": [Function],
                "icon": <svg
                  style={
                    Object {
                      "fill": undefined,
                    }
                  }
                  viewBox="0 0 190 190"
                  xmlns="http://www.w3.org/2000/svg"
                >
                  <polygon
                    points="173.8,28.4 60.4,141.8 15.7,97.2 5.1,107.8 60.4,163 184.4,39 173.8,28.4"
                  />
                </svg>,
                "iconFunc": [Function],
                "isActive": false,
                "onClick": [Function],
                "outlineFunc": [Function],
                "title": "Check",
                "value": "check",
              },
              Object {
                "circleFunc": [Function],
                "icon": <svg
                  style={
                    Object {
                      "fill": undefined,
                    }
                  }
                  viewBox="0 0 194 194"
                  xmlns="http://www.w3.org/2000/svg"
                >
                  <path
                    d="M96.9,2c-52.4,0-95,42.6-95,95s42.6,95,95,95s95-42.6,95-95S149.3,2,96.9,2z M76.6,144.7l-36.5-36.5l10.6-10.6l25.9,25.9 l68.8-68.8l0,0L156,65.3L76.6,144.7z"
                  />
                </svg>,
                "iconFunc": [Function],
                "isActive": true,
                "onClick": [Function],
                "outlineFunc": [Function],
                "title": "Check",
                "value": "check",
              },
              Object {
                "circleFunc": [Function],
                "icon": <svg
                  style={
                    Object {
                      "fill": undefined,
                    }
                  }
                  viewBox="0 0 190 190"
                  xmlns="http://www.w3.org/2000/svg"
                >
                  <polygon
                    points="79.4,112.4 60.7,93.7 50.1,104.3 79.4,133.6 141.7,71.3 131.1,60.7 	"
                  />
                  <path
                    d="M182.3,57.5C175.1,40.5,163,26,147.9,15.7C132.7,5.5,114.4-0.5,94.7-0.5c-13.1,0-25.6,2.7-37,7.5 C40.7,14.2,26.2,26.2,16,41.4C5.7,56.5-0.3,74.8-0.3,94.5c0,13.1,2.7,25.6,7.5,37c7.2,17.1,19.3,31.6,34.4,41.8 c15.2,10.2,33.5,16.2,53.1,16.2c13.1,0,25.6-2.7,37-7.5c17.1-7.2,31.6-19.3,41.8-34.4c10.2-15.2,16.2-33.5,16.2-53.1 C189.8,81.4,187.1,68.9,182.3,57.5z M168.5,125.6c-6.1,14.3-16.2,26.6-29,35.2c-12.8,8.6-28.1,13.7-44.7,13.7 c-11.1,0-21.6-2.2-31.1-6.3c-14.3-6.1-26.6-16.2-35.2-29c-8.6-12.8-13.7-28.1-13.7-44.7c0-11.1,2.2-21.6,6.3-31.1 C27.1,49,37.2,36.8,50,28.1c12.8-8.6,28.1-13.7,44.7-13.7c11.1,0,21.6,2.2,31.1,6.3c14.3,6.1,26.6,16.2,35.2,29 c8.6,12.8,13.7,28.1,13.7,44.7C174.8,105.6,172.5,116.1,168.5,125.6z"
                  />
                </svg>,
                "iconFunc": [Function],
                "isActive": false,
                "onClick": [Function],
                "outlineFunc": [Function],
                "title": "Check",
                "value": "check",
              },
            ]
          }
          icon={
            <svg
              style={
                Object {
                  "fill": undefined,
                }
              }
              viewBox="0 0 194 194"
              xmlns="http://www.w3.org/2000/svg"
            >
              <path
                d="M96.9,2c-52.4,0-95,42.6-95,95s42.6,95,95,95s95-42.6,95-95S149.3,2,96.9,2z M76.6,144.7l-36.5-36.5l10.6-10.6l25.9,25.9 l68.8-68.8l0,0L156,65.3L76.6,144.7z"
              />
            </svg>
          }
        />
      </BaseControl>
      <PanelColorSettings
        className="ugb-icon-list-color-picker"
        colorSettings={
          Array [
            Object {
              "label": "Icon Color",
              "onChange": [Function],
              "value": "#000000",
            },
          ]
        }
        initialOpen={true}
        opened={true}
        title="Icon Color"
      />
      <RangeControl
        label="Icon Size"
        max={30}
        min={8}
        onChange={[Function]}
        value={20}
      />
      <RangeControl
        label="Columns"
        max={3}
        min={1}
        onChange={[Function]}
        value={1}
      />
      <RangeControl
        label="List Gap"
        max={30}
        min={0}
        onChange={[Function]}
        value={16}
      />
    </PanelBody>
  </InspectorControls>
  <div
    className="ugb-icon-list ugb-icon-check column-1"
    style={
      Object {
        "--gap": "16px",
        "--icon": "url('data:image/svg+xml;base64,ZHVtbXktc3RyaW5n')",
        "--icon-size": "20px",
      }
    }
  >
    <RichText
      multiline="li"
      onChange={[Function]}
      tagName="ul"
      value="Some Text"
    />
  </div>
</Fragment>
`;

exports[`Icon List block save matches snapshots 1`] = `
<Unknown
  className="ugb-icon-list ugb-icon-check column-1"
  style={
    Object {
      "--gap": "16px",
      "--icon": "url('data:image/svg+xml;base64,ZHVtbXktc3RyaW5n')",
      "--icon-size": "20px",
    }
  }
  tagName="ul"
  value="Some Text"
/>
`;
