// Jest Snapshot v1, https://goo.gl/fbAQLP

exports[`Image Box block edit matches snapshots 1`] = `
<Fragment>
  <BlockControls>
    <Toolbar>
      <MediaUpload
        allowedTypes={
          Array [
            "image",
          ]
        }
        onSelect={[Function]}
        render={[Function]}
        value=""
      />
    </Toolbar>
  </BlockControls>
  <InspectorControls>
    <PanelBody>
      <ToggleControl
        checked={false}
        label="Full-Width"
        onChange={[Function]}
      />
      <RangeControl
        label="Height"
        max="700"
        min="135"
        onChange={[Function]}
        value="400"
      />
      <RangeControl
        label="Width"
        max="999"
        min="400"
        onChange={[Function]}
        value="400"
      />
      <SelectControl
        label="Vertical Alignment"
        onChange={[Function]}
        options={
          Array [
            Object {
              "label": "Top",
              "value": "flex-start",
            },
            Object {
              "label": "Center",
              "value": "center",
            },
            Object {
              "label": "Bottom",
              "value": "flex-end",
            },
          ]
        }
        value="center"
      />
      <SelectControl
        label="Horizontal Alignment"
        onChange={[Function]}
        options={
          Array [
            Object {
              "label": "Left",
              "value": "flex-start",
            },
            Object {
              "label": "Center",
              "value": "center",
            },
            Object {
              "label": "Right",
              "value": "flex-end",
            },
          ]
        }
        value="center"
      />
    </PanelBody>
    <PanelColorSettings
      colorSettings={
        Array [
          Object {
            "label": "Overlay Color",
            "onChange": [Function],
            "value": "#42b078",
          },
          Object {
            "label": "Title Color",
            "onChange": [Function],
            "value": "#ffffff",
          },
          Object {
            "label": "Subtitle Color",
            "onChange": [Function],
            "value": "#ffffff",
          },
        ]
      }
      title="Color Settings"
    />
  </InspectorControls>
  <div
    className="ugb-image-box has-image "
    data-url="https://images.unsplash.com/photo-1506269351850-0428eaed2193?ixlib=rb-0.3.5&ixid=eyJhcHBfaWQiOjEyMDd9&s=a1512d7659e4817df8217cdb9aa09d7a&auto=format&fit=crop&w=1050&q=80"
    style={
      Object {
        "alignItems": "center",
        "backgroundImage": "url(https://images.unsplash.com/photo-1506269351850-0428eaed2193?ixlib=rb-0.3.5&ixid=eyJhcHBfaWQiOjEyMDd9&s=a1512d7659e4817df8217cdb9aa09d7a&auto=format&fit=crop&w=1050&q=80)",
        "height": "400px",
        "justifyContent": "center",
        "width": "400px",
      }
    }
  >
    <MediaUpload
      allowedTypes={
        Array [
          "image",
        ]
      }
      onSelect={[Function]}
      render={[Function]}
      value=""
    />
    <a
      href="http://google.com"
      style={
        Object {
          "backgroundColor": "#42b078",
        }
      }
    />
    <RichText
      onChange={[Function]}
      placeholder={undefined}
      style={
        Object {
          "color": "#ffffff",
        }
      }
      tagName="h4"
      value="Title"
    />
    <RichText
      onChange={[Function]}
      placeholder={undefined}
      style={
        Object {
          "color": "#ffffff",
        }
      }
      tagName="p"
      value="Subtitle goes here"
    />
  </div>
</Fragment>
`;

exports[`Image Box block save matches snapshots 1`] = `
<div
  className="ugb-image-box has-image has-content "
  data-url="https://images.unsplash.com/photo-1506269351850-0428eaed2193?ixlib=rb-0.3.5&ixid=eyJhcHBfaWQiOjEyMDd9&s=a1512d7659e4817df8217cdb9aa09d7a&auto=format&fit=crop&w=1050&q=80"
  style={
    Object {
      "alignItems": "center",
      "backgroundImage": "url(https://images.unsplash.com/photo-1506269351850-0428eaed2193?ixlib=rb-0.3.5&ixid=eyJhcHBfaWQiOjEyMDd9&s=a1512d7659e4817df8217cdb9aa09d7a&auto=format&fit=crop&w=1050&q=80)",
      "height": "400px",
      "justifyContent": "center",
      "width": "400px",
    }
  }
>
  <a
    href="http://google.com"
    style={
      Object {
        "backgroundColor": "#42b078",
      }
    }
  />
</div>
`;
