// Jest Snapshot v1, https://goo.gl/fbAQLP

exports[`Ghost Button block edit matches snapshot 1`] = `
<Fragment>
  <BlockControls>
    <BlockAlignmentToolbar
      controls={
        Array [
          "left",
          "center",
          "right",
          "full",
        ]
      }
      onChange={[Function]}
      value={undefined}
    />
  </BlockControls>
  <InspectorControls>
    <PanelBody>
      <SelectControl
        label="Size"
        onChange={[Function]}
        options={
          Array [
            Object {
              "label": "Small",
              "value": "small",
            },
            Object {
              "label": "Normal ",
              "value": "normal",
            },
            Object {
              "label": "Medium",
              "value": "medium",
            },
            Object {
              "label": "Large",
              "value": "large",
            },
          ]
        }
        value="normal"
      />
      <RangeControl
        label="Corner Radius"
        max="50"
        min="1"
        onChange={[Function]}
        value="4"
      />
      <RangeControl
        label="Border Thickness"
        max="10"
        min="1"
        onChange={[Function]}
        value="1"
      />
    </PanelBody>
    <PanelColorSettings
      colorSettings={
        Array [
          Object {
            "label": "Button Color",
            "onChange": [Function],
            "value": "#ffffff",
          },
        ]
      }
      title="Color Settings"
    />
  </InspectorControls>
  <span
    className="ugb-button ugb-ghost-button ugb-button-undefined ugb-button-normal"
    style={
      Object {
        "borderColor": "#ffffff",
        "borderRadius": "4px",
        "borderWidth": "1px",
      }
    }
  >
    <RichText
      className="ugb-button-inner"
      formattingControls={
        Array [
          "bold",
          "italic",
          "strikethrough",
        ]
      }
      keepPlaceholderOnFocus={true}
      onChange={[Function]}
      placeholder="Enter Text"
      style={
        Object {
          "color": "#ffffff",
        }
      }
      tagName="span"
      value="Button"
    />
  </span>
</Fragment>
`;

exports[`Ghost Button block save matches snapshot 1`] = `
<div
  className="ugb-button ugb-ghost-button ugb-button-undefined ugb-button-normal"
  style={
    Object {
      "borderColor": "#ffffff",
      "borderRadius": "4px",
      "borderWidth": "1px",
    }
  }
>
  <Unknown
    className="ugb-button-inner"
    href="http://www.gambit.ph/"
    style={
      Object {
        "color": "#ffffff",
      }
    }
    tagName="a"
    value="Button"
  />
</div>
`;
