// Jest Snapshot v1, https://goo.gl/fbAQLP

exports[`Expand / Show More (v2) block Rendered styles should match snapshot 1`] = `
Object {
  ".ugb-expand__less-text p, .ugb-expand__more-text p": Object {
    "color": undefined,
    "fontFamily": undefined,
    "fontSize": undefined,
    "fontWeight": undefined,
    "letterSpacing": undefined,
    "lineHeight": undefined,
    "textAlign": undefined,
    "textTransform": undefined,
  },
  ".ugb-expand__less-text, .ugb-expand__more-text": Object {
    "marginBottom": undefined,
  },
  ".ugb-expand__more-toggle-text, .ugb-expand__less-toggle-text": Object {
    "color": undefined,
    "fontFamily": undefined,
    "fontSize": undefined,
    "fontWeight": undefined,
    "letterSpacing": undefined,
    "lineHeight": undefined,
    "marginBottom": undefined,
    "textTransform": undefined,
  },
  ".ugb-expand__title": Object {
    "color": undefined,
    "fontFamily": undefined,
    "fontSize": undefined,
    "fontWeight": undefined,
    "letterSpacing": undefined,
    "lineHeight": undefined,
    "marginBottom": undefined,
    "textAlign": undefined,
    "textTransform": undefined,
  },
  ".ugb-expand__toggle-wrapper": Object {
    "textAlign": undefined,
  },
  "mobile": Object {
    ".ugb-expand__less-text p, .ugb-expand__more-text p": Object {
      "lineHeight": undefined,
      "textAlign": undefined,
    },
    ".ugb-expand__less-text, .ugb-expand__more-text": Object {
      "marginBottom": undefined,
    },
    ".ugb-expand__more-toggle-text, .ugb-expand__less-toggle-text": Object {
      "lineHeight": undefined,
      "marginBottom": undefined,
    },
    ".ugb-expand__title": Object {
      "lineHeight": undefined,
      "marginBottom": undefined,
      "textAlign": undefined,
    },
    ".ugb-expand__toggle-wrapper": Object {
      "textAlign": undefined,
    },
  },
  "tablet": Object {
    ".ugb-expand__less-text p, .ugb-expand__more-text p": Object {
      "lineHeight": undefined,
      "textAlign": undefined,
    },
    ".ugb-expand__more-toggle-text, .ugb-expand__less-toggle-text": Object {
      "lineHeight": undefined,
    },
    ".ugb-expand__title": Object {
      "lineHeight": undefined,
      "textAlign": undefined,
    },
    ".ugb-expand__toggle-wrapper": Object {
      "textAlign": undefined,
    },
  },
  "tabletOnly": Object {
    ".ugb-expand__less-text, .ugb-expand__more-text": Object {
      "marginBottom": undefined,
    },
    ".ugb-expand__more-toggle-text, .ugb-expand__less-toggle-text": Object {
      "marginBottom": undefined,
    },
    ".ugb-expand__title": Object {
      "marginBottom": undefined,
    },
  },
}
`;

exports[`Expand / Show More (v2) block Rendered styles should match snapshot with modified attributes 1`] = `
Object {
  ".ugb-expand__less-text p, .ugb-expand__more-text p": Object {
    "color": "#123456",
    "fontFamily": "\\"textFontFamily\\", Sans-serif !important",
    "fontSize": "123textFontSizeUnit !important",
    "fontWeight": "textFontWeight !important",
    "letterSpacing": "123px !important",
    "lineHeight": "123textLineHeightUnit !important",
    "textAlign": "textAlign",
    "textTransform": "textTextTransform !important",
  },
  ".ugb-expand__less-text, .ugb-expand__more-text": Object {
    "marginBottom": "123px !important",
  },
  ".ugb-expand__more-toggle-text, .ugb-expand__less-toggle-text": Object {
    "color": "#123456",
    "fontFamily": "\\"linkFontFamily\\", Sans-serif !important",
    "fontSize": "123linkFontSizeUnit !important",
    "fontWeight": "linkFontWeight !important",
    "letterSpacing": "123px !important",
    "lineHeight": "123linkLineHeightUnit !important",
    "marginBottom": "123px !important",
    "textTransform": "linkTextTransform !important",
  },
  ".ugb-expand__toggle-wrapper": Object {
    "textAlign": "linkAlign !important",
  },
  "mobile": Object {
    ".ugb-expand__less-text p, .ugb-expand__more-text p": Object {
      "fontSize": "123textMobileFontSizeUnit !important",
      "lineHeight": "123textMobileLineHeightUnit !important",
      "textAlign": "textMobileAlign",
    },
    ".ugb-expand__less-text, .ugb-expand__more-text": Object {
      "marginBottom": "123px !important",
    },
    ".ugb-expand__more-toggle-text, .ugb-expand__less-toggle-text": Object {
      "fontSize": "123linkMobileFontSizeUnit !important",
      "lineHeight": "123linkMobileLineHeightUnit !important",
      "marginBottom": "123px !important",
    },
    ".ugb-expand__toggle-wrapper": Object {
      "textAlign": "linkMobileAlign !important",
    },
  },
  "tablet": Object {
    ".ugb-expand__less-text p, .ugb-expand__more-text p": Object {
      "fontSize": "123textTabletFontSizeUnit !important",
      "lineHeight": "123textTabletLineHeightUnit !important",
      "textAlign": "textTabletAlign",
    },
    ".ugb-expand__more-toggle-text, .ugb-expand__less-toggle-text": Object {
      "fontSize": "123linkTabletFontSizeUnit !important",
      "lineHeight": "123linkTabletLineHeightUnit !important",
    },
    ".ugb-expand__toggle-wrapper": Object {
      "textAlign": "linkTabletAlign !important",
    },
  },
  "tabletOnly": Object {
    ".ugb-expand__less-text, .ugb-expand__more-text": Object {
      "marginBottom": "123px !important",
    },
    ".ugb-expand__more-toggle-text, .ugb-expand__less-toggle-text": Object {
      "marginBottom": "123px !important",
    },
  },
}
`;
